<<<<<<< HEAD

AKSHAY MORTHAD@AKSHAYMORTHAD MINGW64 ~/Desktop/test3 (main)
$ git init
=======
git init
>>>>>>> fc13c125bb30a338c70ba7cdf05144150e9c62f2
Initialized empty Git repository in C:/Users/AKSHAY MORTHAD/Desktop/test3/.git/

AKSHAY MORTHAD@AKSHAYMORTHAD MINGW64 ~/Desktop/test3 (main)
$ git add .

AKSHAY MORTHAD@AKSHAYMORTHAD MINGW64 ~/Desktop/test3 (main)
$ git commit -m "first commit"
[main (root-commit) 9a7354f] first commit
 1 file changed, 1 insertion(+)
 create mode 100644 h.txt

AKSHAY MORTHAD@AKSHAYMORTHAD MINGW64 ~/Desktop/test3 (main)
$ git branch -M main

AKSHAY MORTHAD@AKSHAYMORTHAD MINGW64 ~/Desktop/test3 (main)
$ git remote add origin https://github.com/akshaymorthad/test3.git

AKSHAY MORTHAD@AKSHAYMORTHAD MINGW64 ~/Desktop/test3 (main)
$ git push -u origin main
Enumerating objects: 3, done.
Counting objects: 100% (3/3), done.
Writing objects: 100% (3/3), 230 bytes | 230.00 KiB/s, done.
Total 3 (delta 0), reused 0 (delta 0), pack-reused 0 (from 0)
To https://github.com/akshaymorthad/test3.git
 * [new branch]      main -> main
branch 'main' set up to track 'origin/main'.

AKSHAY MORTHAD@AKSHAYMORTHAD MINGW64 ~/Desktop/test3 (main)
$ git branch branch3

AKSHAY MORTHAD@AKSHAYMORTHAD MINGW64 ~/Desktop/test3 (main)
$ git switch branch3
Switched to branch 'branch3'

AKSHAY MORTHAD@AKSHAYMORTHAD MINGW64 ~/Desktop/test3 (branch3)
$ git add .

AKSHAY MORTHAD@AKSHAYMORTHAD MINGW64 ~/Desktop/test3 (branch3)
$ git commit -m "g"
On branch branch3
nothing to commit, working tree clean

AKSHAY MORTHAD@AKSHAYMORTHAD MINGW64 ~/Desktop/test3 (branch3)
$ git push
fatal: The current branch branch3 has no upstream branch.
To push the current branch and set the remote as upstream, use

    git push --set-upstream origin branch3

To have this happen automatically for branches without a tracking
upstream, see 'push.autoSetupRemote' in 'git help config'.


AKSHAY MORTHAD@AKSHAYMORTHAD MINGW64 ~/Desktop/test3 (branch3)
$ git push --set-upstream origin branch3
Total 0 (delta 0), reused 0 (delta 0), pack-reused 0 (from 0)
remote: 
remote: Create a pull request for 'branch3' on GitHub by visiting:
remote:      https://github.com/akshaymorthad/test3/pull/new/branch3
remote:
To https://github.com/akshaymorthad/test3.git
 * [new branch]      branch3 -> branch3
branch 'branch3' set up to track 'origin/branch3'.

AKSHAY MORTHAD@AKSHAYMORTHAD MINGW64 ~/Desktop/test3 (branch3)
$ git pull origin main
remote: Enumerating objects: 5, done.
remote: Counting objects: 100% (5/5), done.
remote: Total 3 (delta 0), reused 0 (delta 0), pack-reused 0 (from 0)
Unpacking objects: 100% (3/3), 918 bytes | 76.00 KiB/s, done.
From https://github.com/akshaymorthad/test3
 * branch            main       -> FETCH_HEAD
   9a7354f..9cc9beb  main       -> origin/main
Updating 9a7354f..9cc9beb
Fast-forward
 h.txt | 2 +-
 1 file changed, 1 insertion(+), 1 deletion(-)

AKSHAY MORTHAD@AKSHAYMORTHAD MINGW64 ~/Desktop/test3 (branch3)
$ git switch main
error: Your local changes to the following files would be overwritten by checkout:
        h.txt
Please commit your changes or stash them before you switch branches.
Aborting

AKSHAY MORTHAD@AKSHAYMORTHAD MINGW64 ~/Desktop/test3 (branch3)
$ git commit -m "cha"
On branch branch3
Your branch is ahead of 'origin/branch3' by 1 commit.
  (use "git push" to publish your local commits)

Changes not staged for commit:
  (use "git add <file>..." to update what will be committed)
  (use "git restore <file>..." to discard changes in working directory)
        modified:   h.txt

no changes added to commit (use "git add" and/or "git commit -a")

AKSHAY MORTHAD@AKSHAYMORTHAD MINGW64 ~/Desktop/test3 (branch3)
$ git switch main
error: Your local changes to the following files would be overwritten by checkout:
        h.txt
Please commit your changes or stash them before you switch branches.
Aborting

AKSHAY MORTHAD@AKSHAYMORTHAD MINGW64 ~/Desktop/test3 (branch3)
<<<<<<< HEAD
$ git add .

AKSHAY MORTHAD@AKSHAYMORTHAD MINGW64 ~/Desktop/test3 (branch3)
$ git push origin main
To https://github.com/akshaymorthad/test3.git
 ! [rejected]        main -> main (non-fast-forward)
error: failed to push some refs to 'https://github.com/akshaymorthad/test3.git'
hint: Updates were rejected because a pushed branch tip is behind its remote
hint: counterpart. If you want to integrate the remote changes, use 'git pull'
hint: before pushing again.
hint: See the 'Note about fast-forwards' in 'git push --help' for details.

AKSHAY MORTHAD@AKSHAYMORTHAD MINGW64 ~/Desktop/test3 (branch3)
$ git commit -m "hr"
[branch3 3f8afc1] hr
 1 file changed, 108 insertions(+), 1 deletion(-)

AKSHAY MORTHAD@AKSHAYMORTHAD MINGW64 ~/Desktop/test3 (branch3)
$ git push origin main
To https://github.com/akshaymorthad/test3.git
 ! [rejected]        main -> main (non-fast-forward)
error: failed to push some refs to 'https://github.com/akshaymorthad/test3.git'
hint: Updates were rejected because a pushed branch tip is behind its remote
hint: counterpart. If you want to integrate the remote changes, use 'git pull'
hint: before pushing again.
hint: See the 'Note about fast-forwards' in 'git push --help' for details.

AKSHAY MORTHAD@AKSHAYMORTHAD MINGW64 ~/Desktop/test3 (branch3)
$ git push origin branch3
Enumerating objects: 5, done.
Counting objects: 100% (5/5), done.
Delta compression using up to 4 threads
Compressing objects: 100% (2/2), done.
Writing objects: 100% (3/3), 1.30 KiB | 1.30 MiB/s, done.
Total 3 (delta 0), reused 0 (delta 0), pack-reused 0 (from 0)
To https://github.com/akshaymorthad/test3.git
   9a7354f..3f8afc1  branch3 -> branch3

AKSHAY MORTHAD@AKSHAYMORTHAD MINGW64 ~/Desktop/test3 (branch3)
$ git switch main
Switched to branch 'main'
Your branch is behind 'origin/main' by 1 commit, and can be fast-forwarded.
  (use "git pull" to update your local branch)
=======
$
>>>>>>> fc13c125bb30a338c70ba7cdf05144150e9c62f2
docker application cmds
$ docker build -t minimal-webserver .
[+] Building 12.4s (9/9) FINISHED                          docker:desktop-linux
 => [internal] load build definition from Dockerfile                       0.0s
 => => transferring dockerfile: 172B                                       0.0s
 => [internal] load metadata for docker.io/library/python:3.9-alpine       1.4s
 => [internal] load .dockerignore                                          0.0s
 => => transferring context: 2B                                            0.0s
 => [1/4] FROM docker.io/library/python:3.9-alpine@sha256:c549d512f8a56f7  0.0s
 => [internal] load build context                                          0.1s
 => => transferring context: 230B                                          0.1s
 => CACHED [2/4] WORKDIR /app                                              0.0s
 => [3/4] COPY server.py /app/                                             0.0s
 => [4/4] RUN pip install --no-cache-dir flask                            10.6s
 => exporting to image                                                     0.2s
 => => exporting layers                                                    0.2s
 => => writing image sha256:3f77161c387aae132c57142434001be9393b9f30d63ae  0.0s
 => => naming to docker.io/library/minimal-webserver                       0.0s

AKSHAY MORTHAD@AKSHAYMORTHAD MINGW64 ~/desktop/test3 (main)
$ docker run -p 5050:5050 minimal-webserver
 * Serving Flask app 'server'
 * Debug mode: off
WARNING: This is a development server. Do not use it in a production deployment. Use a production WSGI server instead.
 * Running on all addresses (0.0.0.0)
 * Running on http://127.0.0.1:5050
 * Running on http://172.17.0.3:5050
docker ps 
docker ps -a 
docker pull hello world 
		busybox	
		ngnix
		MySQL
docker images
docker search container id
docker rm  "
docker rmi "
docker start name 
docker stop name
docker pull
